
> kairodocs@0.1.0 build
> next build

Γû▓ Next.js 16.2.3 (Turbopack)
- Environments: .env

  Creating an optimized production build ...
Γ£ô Compiled successfully in 5.9s
  Running TypeScript ...
  Finished TypeScript in 3.8s ...
  Collecting page data using 11 workers ...
  Generating static pages using 11 workers (0/17) ...
  Generating static pages using 11 workers (4/17) 
  Generating static pages using 11 workers (8/17) 
  Generating static pages using 11 workers (12/17) 
Γ£ô Generating static pages using 11 workers (17/17) in 335ms
  Finalizing page optimization ...

Route (app)
Γöî Γùï /
Γö£ Γùï /_not-found
Γö£ ╞Æ /api/admin/parse-pdf
Γö£ ╞Æ /api/admin/reset-knowledge
Γö£ ╞Æ /api/admin/vectorize
Γö£ ╞Æ /api/admin/vectors
Γö£ ╞Æ /api/extract
Γö£ ╞Æ /api/generate-docx
Γö£ ╞Æ /api/ingest-approved
Γö£ ╞Æ /api/parse-pdf
Γö£ Γùï /dashboard/admin
Γö£ Γùï /dashboard/admin/announcements
Γö£ Γùï /dashboard/admin/departments
Γö£ Γùï /dashboard/admin/settings
Γö£ Γùï /dashboard/admin/templates
Γö£ Γùï /dashboard/head
Γö£ Γùï /dashboard/head/submissions
Γö£ Γùï /dashboard/user
Γö£ Γùï /dashboard/user/projects
Γö£ ╞Æ /dashboard/user/projects/[projectId]
Γö£ ╞Æ /dashboard/user/projects/[projectId]/documents/[documentId]
Γö£ ╞Æ /dashboard/user/projects/[projectId]/documents/new
Γö£ Γùï /dashboard/user/projects/new
Γö£ Γùï /login
Γöö Γùï /signup


Γùï  (Static)   prerendered as static content
╞Æ  (Dynamic)  server-rendered on demand

